../Core/Src/main.c:73:5:__io_putchar	16	static
../Core/Src/main.c:84:5:main	8	static
../Core/Src/main.c:136:6:SystemClock_Config	88	static
../Core/Src/main.c:183:13:MX_ADC1_Init	24	static
../Core/Src/main.c:235:13:MX_TIM1_Init	32	static
../Core/Src/main.c:281:13:MX_TIM2_Init	32	static
../Core/Src/main.c:326:13:MX_USART2_UART_Init	8	static
../Core/Src/main.c:359:13:MX_GPIO_Init	48	static
../Core/Src/main.c:394:6:read_adc_channel	32	static
../Core/Src/main.c:405:6:HAL_TIM_PeriodElapsedCallback	16	static
../Core/Src/main.c:425:6:HAL_ADC_ConvCpltCallback	40	static
../Core/Src/main.c:446:6:Error_Handler	4	static,ignoring_inline_asm
