22:02:10 **** Incremental Build of configuration Debug for project uart_led_cont ****
make -j20 all 
arm-none-eabi-gcc "../Core/Src/main.c" -mcpu=cortex-m4 -std=gnu11 -g3 -DDEBUG -DUSE_HAL_DRIVER -DSTM32F411xE -c -I../Core/Inc -I../Drivers/STM32F4xx_HAL_Driver/Inc -I../Drivers/STM32F4xx_HAL_Driver/Inc/Legacy -I../Drivers/CMSIS/Device/ST/STM32F4xx/Include -I../Drivers/CMSIS/Include -O0 -ffunction-sections -fdata-sections -Wall -fstack-usage -fcyclomatic-complexity -MMD -MP -MF"Core/Src/main.d" -MT"Core/Src/main.o" --specs=nano.specs -mfpu=fpv4-sp-d16 -mfloat-abi=hard -mthumb -o "Core/Src/main.o"
arm-none-eabi-gcc -o "uart_led_cont.elf" @"objects.list"   -mcpu=cortex-m4 -T"C:\Users\hesha\STM32CubeIDE\workspace_1.19.0\uart_led_cont\STM32F411RETX_FLASH.ld" --specs=nosys.specs -Wl,-Map="uart_led_cont.map" -Wl,--gc-sections -static --specs=nano.specs -mfpu=fpv4-sp-d16 -mfloat-abi=hard -mthumb -Wl,--start-group -lc -lm -Wl,--end-group
Finished building target: uart_led_cont.elf
 
arm-none-eabi-size  uart_led_cont.elf 
arm-none-eabi-objdump -h -S uart_led_cont.elf  > "uart_led_cont.list"
   text	   data	    bss	    dec	    hex	filename
  11364	     56	   1720	  13140	   3354	uart_led_cont.elf
Finished building: default.size.stdout
 
Finished building: uart_led_cont.list
 
22:02:13 **** Incremental Build of configuration Debug for project uart_led_cont ****
make -j20 all 
arm-none-eabi-size  uart_led_cont.elf 
   text	   data	    bss	    dec	    hex	filename
  11364	     56	   1720	  13140	   3354	uart_led_cont.elf
Finished building: default.size.stdout
 
